0 verbose cli /config/.nvm/versions/node/v24.11.1/bin/node /config/.nvm/versions/node/v24.11.1/bin/npm
1 info using npm@11.6.2
2 info using node@v24.11.1
3 silly config load:file:/config/.nvm/versions/node/v24.11.1/lib/node_modules/npm/npmrc
4 silly config load:file:/config/.cline/worktrees/ff949/noH8/.npmrc
5 silly config load:file:/config/.npmrc
6 silly config load:file:/config/extra-node-packages/etc/npmrc
7 verbose title npm install
8 verbose argv "install"
9 verbose logfile logs-max:10 dir:/config/.cline/worktrees/ff949/noH8/.npm-cache/_logs/2026-08-08T21_49_18_677Z-
10 verbose logfile /config/.cline/worktrees/ff949/noH8/.npm-cache/_logs/2026-08-08T21_49_18_677Z-debug-0.log
11 silly logfile done cleaning log files
12 silly packumentCache heap:2348810240 maxSize:587202560 maxEntrySize:293601280
13 silly idealTree buildDeps
14 silly reify moves {}
15 silly audit bulk request {
15 silly audit   '@babel/code-frame': [ '7.29.7' ],
15 silly audit   'js-tokens': [ '4.0.0', '9.0.1' ],
15 silly audit   '@babel/compat-data': [ '7.29.7' ],
15 silly audit   '@babel/core': [ '7.29.7' ],
15 silly audit   '@babel/generator': [ '7.29.8' ],
15 silly audit   '@babel/helper-compilation-targets': [ '7.29.7' ],
15 silly audit   '@babel/helper-globals': [ '7.29.7' ],
15 silly audit   '@babel/helper-module-imports': [ '7.29.7' ],
15 silly audit   '@babel/helper-module-transforms': [ '7.29.7' ],
15 silly audit   '@babel/helper-plugin-utils': [ '7.29.7' ],
15 silly audit   '@babel/helper-string-parser': [ '7.29.7' ],
15 silly audit   '@babel/helper-validator-identifier': [ '7.29.7' ],
15 silly audit   '@babel/helper-validator-option': [ '7.29.7' ],
15 silly audit   '@babel/helpers': [ '7.29.7' ],
15 silly audit   '@babel/parser': [ '7.29.8' ],
15 silly audit   '@babel/plugin-transform-react-jsx-self': [ '7.29.7' ],
15 silly audit   '@babel/plugin-transform-react-jsx-source': [ '7.29.7' ],
15 silly audit   '@babel/template': [ '7.29.7' ],
15 silly audit   '@babel/traverse': [ '7.29.8' ],
15 silly audit   '@babel/types': [ '7.29.8' ],
15 silly audit   '@crxjs/vite-plugin': [ '2.7.1' ],
15 silly audit   pathe: [ '2.0.3', '1.1.2' ],
15 silly audit   rollup: [ '2.80.0', '4.62.4' ],
15 silly audit   '@esbuild/aix-ppc64': [ '0.21.5' ],
15 silly audit   '@esbuild/android-arm': [ '0.21.5' ],
15 silly audit   '@esbuild/android-arm64': [ '0.21.5' ],
15 silly audit   '@esbuild/android-x64': [ '0.21.5' ],
15 silly audit   '@esbuild/darwin-arm64': [ '0.21.5' ],
15 silly audit   '@esbuild/darwin-x64': [ '0.21.5' ],
15 silly audit   '@esbuild/freebsd-arm64': [ '0.21.5' ],
15 silly audit   '@esbuild/freebsd-x64': [ '0.21.5' ],
15 silly audit   '@esbuild/linux-arm': [ '0.21.5' ],
15 silly audit   '@esbuild/linux-arm64': [ '0.21.5' ],
15 silly audit   '@esbuild/linux-ia32': [ '0.21.5' ],
15 silly audit   '@esbuild/linux-loong64': [ '0.21.5' ],
15 silly audit   '@esbuild/linux-mips64el': [ '0.21.5' ],
15 silly audit   '@esbuild/linux-ppc64': [ '0.21.5' ],
15 silly audit   '@esbuild/linux-riscv64': [ '0.21.5' ],
15 silly audit   '@esbuild/linux-s390x': [ '0.21.5' ],
15 silly audit   '@esbuild/linux-x64': [ '0.21.5' ],
15 silly audit   '@esbuild/netbsd-x64': [ '0.21.5' ],
15 silly audit   '@esbuild/openbsd-x64': [ '0.21.5' ],
15 silly audit   '@esbuild/sunos-x64': [ '0.21.5' ],
15 silly audit   '@esbuild/win32-arm64': [ '0.21.5' ],
15 silly audit   '@esbuild/win32-ia32': [ '0.21.5' ],
15 silly audit   '@esbuild/win32-x64': [ '0.21.5' ],
15 silly audit   '@jest/schemas': [ '29.6.3' ],
15 silly audit   '@jridgewell/gen-mapping': [ '0.3.13' ],
15 silly audit   '@jridgewell/remapping': [ '2.3.5' ],
15 silly audit   '@jridgewell/resolve-uri': [ '3.1.2' ],
15 silly audit   '@jridgewell/sourcemap-codec': [ '1.5.5' ],
15 silly audit   '@jridgewell/trace-mapping': [ '0.3.31' ],
15 silly audit   '@napi-rs/lzma-linux-x64-gnu': [ '1.5.1' ],
15 silly audit   '@rolldown/pluginutils': [ '1.0.0-beta.27' ],
15 silly audit   '@rollup/rollup-android-arm-eabi': [ '4.62.4' ],
15 silly audit   '@rollup/rollup-android-arm64': [ '4.62.4' ],
15 silly audit   '@rollup/rollup-darwin-arm64': [ '4.62.4' ],
15 silly audit   '@rollup/rollup-darwin-x64': [ '4.62.4' ],
15 silly audit   '@rollup/rollup-freebsd-arm64': [ '4.62.4' ],
15 silly audit   '@rollup/rollup-freebsd-x64': [ '4.62.4' ],
15 silly audit   '@rollup/rollup-linux-arm-gnueabihf': [ '4.62.4' ],
15 silly audit   '@rollup/rollup-linux-arm-musleabihf': [ '4.62.4' ],
15 silly audit   '@rollup/rollup-linux-arm64-gnu': [ '4.62.4' ],
15 silly audit   '@rollup/rollup-linux-arm64-musl': [ '4.62.4' ],
15 silly audit   '@rollup/rollup-linux-loong64-gnu': [ '4.62.4' ],
15 silly audit   '@rollup/rollup-linux-loong64-musl': [ '4.62.4' ],
15 silly audit   '@rollup/rollup-linux-ppc64-gnu': [ '4.62.4' ],
15 silly audit   '@rollup/rollup-linux-ppc64-musl': [ '4.62.4' ],
15 silly audit   '@rollup/rollup-linux-riscv64-gnu': [ '4.62.4' ],
15 silly audit   '@rollup/rollup-linux-riscv64-musl': [ '4.62.4' ],
15 silly audit   '@rollup/rollup-linux-s390x-gnu': [ '4.62.4' ],
15 silly audit   '@rollup/rollup-linux-x64-gnu': [ '4.62.4' ],
15 silly audit   '@rollup/rollup-linux-x64-musl': [ '4.62.4' ],
15 silly audit   '@rollup/rollup-openbsd-x64': [ '4.62.4' ],
15 silly audit   '@rollup/rollup-openharmony-arm64': [ '4.62.4' ],
15 silly audit   '@rollup/rollup-win32-arm64-msvc': [ '4.62.4' ],
15 silly audit   '@rollup/rollup-win32-ia32-msvc': [ '4.62.4' ],
15 silly audit   '@rollup/rollup-win32-x64-gnu': [ '4.62.4' ],
15 silly audit   '@rollup/rollup-win32-x64-msvc': [ '4.62.4' ],
15 silly audit   '@sinclair/typebox': [ '0.27.12' ],
15 silly audit   '@types/babel__core': [ '7.20.5' ],
15 silly audit   '@types/babel__generator': [ '7.27.0' ],
15 silly audit   '@types/babel__template': [ '7.4.4' ],
15 silly audit   '@types/babel__traverse': [ '7.28.0' ],
15 silly audit   '@types/estree': [ '1.0.9' ],
15 silly audit   '@vitejs/plugin-react': [ '4.7.0' ],
15 silly audit   '@vitest/expect': [ '1.6.1' ],
15 silly audit   '@vitest/runner': [ '1.6.1' ],
15 silly audit   '@vitest/snapshot': [ '1.6.1' ],
15 silly audit   '@vitest/spy': [ '1.6.1' ],
15 silly audit   '@vitest/utils': [ '1.6.1' ],
15 silly audit   '@webcomponents/custom-elements': [ '1.6.0' ],
15 silly audit   acorn: [ '8.18.0' ],
15 silly audit   'acorn-walk': [ '8.3.5' ],
15 silly audit   'ansi-styles': [ '5.2.0' ],
15 silly audit   'assertion-error': [ '1.1.0' ],
15 silly audit   'baseline-browser-mapping': [ '2.11.12' ],
15 silly audit   boolbase: [ '1.0.0' ],
15 silly audit   browserslist: [ '4.28.8' ],
15 silly audit   cac: [ '6.7.14' ],
15 silly audit   'caniuse-lite': [ '1.0.30001809' ],
15 silly audit   chai: [ '4.5.0' ],
15 silly audit   'check-error': [ '1.0.3' ],
15 silly audit   confbox: [ '0.1.8' ],
15 silly audit   'convert-source-map': [ '2.0.0' ],
15 silly audit   'cross-spawn': [ '7.0.6' ],
15 silly audit   'css-select': [ '5.2.2' ],
15 silly audit   'css-what': [ '6.2.2' ],
15 silly audit   debug: [ '4.4.3' ],
15 silly audit   'deep-eql': [ '4.1.4' ],
15 silly audit   'diff-sequences': [ '29.6.3' ],
15 silly audit   'dom-serializer': [ '2.0.0' ],
15 silly audit   domelementtype: [ '2.3.0' ],
15 silly audit   domhandler: [ '5.0.3' ],
15 silly audit   domutils: [ '3.2.2' ],
15 silly audit   'electron-to-chromium': [ '1.5.402' ],
15 silly audit   entities: [ '4.5.0' ],
15 silly audit   'es-module-lexer': [ '0.10.5' ],
15 silly audit   esbuild: [ '0.21.5' ],
15 silly audit   escalade: [ '3.2.0' ],
15 silly audit   'estree-walker': [ '3.0.3' ],
15 silly audit   execa: [ '8.0.1' ],
15 silly audit   fdir: [ '6.5.0' ],
15 silly audit   'fs-extra': [ '11.4.0' ],
15 silly audit   fsevents: [ '2.3.3' ],
15 silly audit   gensync: [ '1.0.0-beta.2' ],
15 silly audit   'get-func-name': [ '2.0.2' ],
15 silly audit   'get-stream': [ '8.0.1' ],
15 silly audit   'graceful-fs': [ '4.2.11' ],
15 silly audit   he: [ '1.2.0' ],
15 silly audit   'human-signals': [ '5.0.0' ],
15 silly audit   'is-stream': [ '3.0.0' ],
15 silly audit   isexe: [ '2.0.0' ],
15 silly audit   jsesc: [ '3.1.0' ],
15 silly audit   json5: [ '2.2.3' ],
15 silly audit   jsonfile: [ '6.2.1' ],
15 silly audit   'local-pkg': [ '0.5.1' ],
15 silly audit   'loose-envify': [ '1.4.0' ],
15 silly audit   loupe: [ '2.3.7' ],
15 silly audit   'lru-cache': [ '5.1.1' ],
15 silly audit   'magic-string': [ '0.30.21' ],
15 silly audit   'merge-stream': [ '2.0.0' ],
15 silly audit   'mimic-fn': [ '4.0.0' ],
15 silly audit   mlly: [ '1.8.2' ],
15 silly audit   ms: [ '2.1.3' ],
15 silly audit   nanoid: [ '3.3.18' ],
15 silly audit   'node-html-parser': [ '7.1.0' ],
15 silly audit   'node-releases': [ '2.0.53' ],
15 silly audit   'npm-run-path': [ '5.3.0' ],
15 silly audit   'path-key': [ '4.0.0', '3.1.1' ],
15 silly audit   'nth-check': [ '2.1.1' ],
15 silly audit   onetime: [ '6.0.0' ],
15 silly audit   'p-limit': [ '5.0.0' ],
15 silly audit   pathval: [ '1.1.1' ],
15 silly audit   picocolors: [ '1.1.1' ],
15 silly audit   picomatch: [ '4.0.5' ],
15 silly audit   'pkg-types': [ '1.3.1' ],
15 silly audit   postcss: [ '8.5.26' ],
15 silly audit   'pretty-format': [ '29.7.0' ],
15 silly audit   react: [ '18.3.1' ],
15 silly audit   'react-dom': [ '18.3.1' ],
15 silly audit   'react-is': [ '18.3.1' ],
15 silly audit   'react-refresh': [ '0.17.0' ],
15 silly audit   rxjs: [ '7.5.7' ],
15 silly audit   scheduler: [ '0.23.2' ],
15 silly audit   semver: [ '6.3.1' ],
15 silly audit   'shebang-command': [ '2.0.0' ],
15 silly audit   'shebang-regex': [ '3.0.0' ],
15 silly audit   siginfo: [ '2.0.0' ],
15 silly audit   'signal-exit': [ '4.1.0' ],
15 silly audit   'source-map-js': [ '1.2.1' ],
15 silly audit   stackback: [ '0.0.2' ],
15 silly audit   'std-env': [ '3.10.0' ],
15 silly audit   'strip-final-newline': [ '3.0.0' ],
15 silly audit   'strip-literal': [ '2.1.1' ],
15 silly audit   tinybench: [ '2.9.0' ],
15 silly audit   tinyglobby: [ '0.2.17' ],
15 silly audit   tinypool: [ '0.8.4' ],
15 silly audit   tinyspy: [ '2.2.1' ],
15 silly audit   tslib: [ '2.8.1' ],
15 silly audit   'type-detect': [ '4.1.0' ],
15 silly audit   typescript: [ '5.9.3' ],
15 silly audit   ufo: [ '1.6.4' ],
15 silly audit   universalify: [ '2.0.1' ],
15 silly audit   'update-browserslist-db': [ '1.3.0' ],
15 silly audit   vite: [ '5.4.21' ],
15 silly audit   'vite-node': [ '1.6.1' ],
15 silly audit   vitest: [ '1.6.1' ],
15 silly audit   which: [ '2.0.2' ],
15 silly audit   'why-is-node-running': [ '2.3.0' ],
15 silly audit   yallist: [ '3.1.1' ],
15 silly audit   'yocto-queue': [ '1.2.2' ],
15 silly audit   zustand: [ '5.0.14' ]
15 silly audit }
16 http cache zustand@https://registry.npmjs.org/zustand/-/zustand-5.0.14.tgz 1ms (cache hit)
17 http cache yocto-queue@https://registry.npmjs.org/yocto-queue/-/yocto-queue-1.2.2.tgz 0ms (cache hit)
18 http cache why-is-node-running@https://registry.npmjs.org/why-is-node-running/-/why-is-node-running-2.3.0.tgz 0ms (cache hit)
19 http cache yallist@https://registry.npmjs.org/yallist/-/yallist-3.1.1.tgz 0ms (cache hit)
20 http cache which@https://registry.npmjs.org/which/-/which-2.0.2.tgz 0ms (cache hit)
21 http cache vitest@https://registry.npmjs.org/vitest/-/vitest-1.6.1.tgz 0ms (cache hit)
22 http cache vite-node@https://registry.npmjs.org/vite-node/-/vite-node-1.6.1.tgz 0ms (cache hit)
23 http cache update-browserslist-db@https://registry.npmjs.org/update-browserslist-db/-/update-browserslist-db-1.3.0.tgz 0ms (cache hit)
24 http cache vite@https://registry.npmjs.org/vite/-/vite-5.4.21.tgz 0ms (cache hit)
25 http cache universalify@https://registry.npmjs.org/universalify/-/universalify-2.0.1.tgz 0ms (cache hit)
26 http cache ufo@https://registry.npmjs.org/ufo/-/ufo-1.6.4.tgz 0ms (cache hit)
27 http cache typescript@https://registry.npmjs.org/typescript/-/typescript-5.9.3.tgz 0ms (cache hit)
28 http cache tslib@https://registry.npmjs.org/tslib/-/tslib-2.8.1.tgz 0ms (cache hit)
29 http cache type-detect@https://registry.npmjs.org/type-detect/-/type-detect-4.1.0.tgz 0ms (cache hit)
30 http cache tinyspy@https://registry.npmjs.org/tinyspy/-/tinyspy-2.2.1.tgz 0ms (cache hit)
31 http cache tinypool@https://registry.npmjs.org/tinypool/-/tinypool-0.8.4.tgz 0ms (cache hit)
32 http cache tinyglobby@https://registry.npmjs.org/tinyglobby/-/tinyglobby-0.2.17.tgz 0ms (cache hit)
33 http cache tinybench@https://registry.npmjs.org/tinybench/-/tinybench-2.9.0.tgz 0ms (cache hit)
34 http cache strip-literal@https://registry.npmjs.org/strip-literal/-/strip-literal-2.1.1.tgz 0ms (cache hit)
35 http cache strip-final-newline@https://registry.npmjs.org/strip-final-newline/-/strip-final-newline-3.0.0.tgz 0ms (cache hit)
36 http cache std-env@https://registry.npmjs.org/std-env/-/std-env-3.10.0.tgz 0ms (cache hit)
37 http cache stackback@https://registry.npmjs.org/stackback/-/stackback-0.0.2.tgz 0ms (cache hit)
38 http cache source-map-js@https://registry.npmjs.org/source-map-js/-/source-map-js-1.2.1.tgz 0ms (cache hit)
39 http cache signal-exit@https://registry.npmjs.org/signal-exit/-/signal-exit-4.1.0.tgz 0ms (cache hit)
40 http cache siginfo@https://registry.npmjs.org/siginfo/-/siginfo-2.0.0.tgz 0ms (cache hit)
41 http cache shebang-regex@https://registry.npmjs.org/shebang-regex/-/shebang-regex-3.0.0.tgz 0ms (cache hit)
42 http cache shebang-command@https://registry.npmjs.org/shebang-command/-/shebang-command-2.0.0.tgz 0ms (cache hit)
43 http cache semver@https://registry.npmjs.org/semver/-/semver-6.3.1.tgz 0ms (cache hit)
44 http cache scheduler@https://registry.npmjs.org/scheduler/-/scheduler-0.23.2.tgz 0ms (cache hit)
45 http cache rxjs@https://registry.npmjs.org/rxjs/-/rxjs-7.5.7.tgz 0ms (cache hit)
46 http cache rollup@https://registry.npmjs.org/rollup/-/rollup-4.62.4.tgz 0ms (cache hit)
47 http cache react-refresh@https://registry.npmjs.org/react-refresh/-/react-refresh-0.17.0.tgz 0ms (cache hit)
48 http cache react-is@https://registry.npmjs.org/react-is/-/react-is-18.3.1.tgz 0ms (cache hit)
49 http cache react-dom@https://registry.npmjs.org/react-dom/-/react-dom-18.3.1.tgz 0ms (cache hit)
50 http cache react@https://registry.npmjs.org/react/-/react-18.3.1.tgz 0ms (cache hit)
51 http cache pretty-format@https://registry.npmjs.org/pretty-format/-/pretty-format-29.7.0.tgz 0ms (cache hit)
52 http cache postcss@https://registry.npmjs.org/postcss/-/postcss-8.5.26.tgz 0ms (cache hit)
53 http cache pkg-types@https://registry.npmjs.org/pkg-types/-/pkg-types-1.3.1.tgz 0ms (cache hit)
54 http cache picomatch@https://registry.npmjs.org/picomatch/-/picomatch-4.0.5.tgz 0ms (cache hit)
55 http cache picocolors@https://registry.npmjs.org/picocolors/-/picocolors-1.1.1.tgz 0ms (cache hit)
56 http cache pathval@https://registry.npmjs.org/pathval/-/pathval-1.1.1.tgz 0ms (cache hit)
57 http cache pathe@https://registry.npmjs.org/pathe/-/pathe-1.1.2.tgz 0ms (cache hit)
58 http cache path-key@https://registry.npmjs.org/path-key/-/path-key-3.1.1.tgz 0ms (cache hit)
59 http cache p-limit@https://registry.npmjs.org/p-limit/-/p-limit-5.0.0.tgz 0ms (cache hit)
60 http cache onetime@https://registry.npmjs.org/onetime/-/onetime-6.0.0.tgz 0ms (cache hit)
61 http cache nth-check@https://registry.npmjs.org/nth-check/-/nth-check-2.1.1.tgz 0ms (cache hit)
62 http cache node-releases@https://registry.npmjs.org/node-releases/-/node-releases-2.0.53.tgz 0ms (cache hit)
63 http cache npm-run-path@https://registry.npmjs.org/npm-run-path/-/npm-run-path-5.3.0.tgz 0ms (cache hit)
64 http cache node-html-parser@https://registry.npmjs.org/node-html-parser/-/node-html-parser-7.1.0.tgz 0ms (cache hit)
65 http cache nanoid@https://registry.npmjs.org/nanoid/-/nanoid-3.3.18.tgz 0ms (cache hit)
66 http cache ms@https://registry.npmjs.org/ms/-/ms-2.1.3.tgz 0ms (cache hit)
67 http cache mlly@https://registry.npmjs.org/mlly/-/mlly-1.8.2.tgz 0ms (cache hit)
68 http cache mimic-fn@https://registry.npmjs.org/mimic-fn/-/mimic-fn-4.0.0.tgz 0ms (cache hit)
69 http cache merge-stream@https://registry.npmjs.org/merge-stream/-/merge-stream-2.0.0.tgz 0ms (cache hit)
70 http cache magic-string@https://registry.npmjs.org/magic-string/-/magic-string-0.30.21.tgz 0ms (cache hit)
71 http cache lru-cache@https://registry.npmjs.org/lru-cache/-/lru-cache-5.1.1.tgz 0ms (cache hit)
72 http cache loupe@https://registry.npmjs.org/loupe/-/loupe-2.3.7.tgz 0ms (cache hit)
73 http cache loose-envify@https://registry.npmjs.org/loose-envify/-/loose-envify-1.4.0.tgz 0ms (cache hit)
74 http cache local-pkg@https://registry.npmjs.org/local-pkg/-/local-pkg-0.5.1.tgz 0ms (cache hit)
75 http cache jsonfile@https://registry.npmjs.org/jsonfile/-/jsonfile-6.2.1.tgz 0ms (cache hit)
76 http cache json5@https://registry.npmjs.org/json5/-/json5-2.2.3.tgz 0ms (cache hit)
77 http cache jsesc@https://registry.npmjs.org/jsesc/-/jsesc-3.1.0.tgz 0ms (cache hit)
78 http cache js-tokens@https://registry.npmjs.org/js-tokens/-/js-tokens-9.0.1.tgz 0ms (cache hit)
79 http cache isexe@https://registry.npmjs.org/isexe/-/isexe-2.0.0.tgz 0ms (cache hit)
80 http cache is-stream@https://registry.npmjs.org/is-stream/-/is-stream-3.0.0.tgz 0ms (cache hit)
81 http cache human-signals@https://registry.npmjs.org/human-signals/-/human-signals-5.0.0.tgz 0ms (cache hit)
82 http cache he@https://registry.npmjs.org/he/-/he-1.2.0.tgz 0ms (cache hit)
83 http cache graceful-fs@https://registry.npmjs.org/graceful-fs/-/graceful-fs-4.2.11.tgz 1ms (cache hit)
84 http cache get-stream@https://registry.npmjs.org/get-stream/-/get-stream-8.0.1.tgz 0ms (cache hit)
85 http cache get-func-name@https://registry.npmjs.org/get-func-name/-/get-func-name-2.0.2.tgz 0ms (cache hit)
86 http cache gensync@https://registry.npmjs.org/gensync/-/gensync-1.0.0-beta.2.tgz 0ms (cache hit)
87 http cache fs-extra@https://registry.npmjs.org/fs-extra/-/fs-extra-11.4.0.tgz 0ms (cache hit)
88 http cache fdir@https://registry.npmjs.org/fdir/-/fdir-6.5.0.tgz 0ms (cache hit)
89 http cache execa@https://registry.npmjs.org/execa/-/execa-8.0.1.tgz 0ms (cache hit)
90 http cache escalade@https://registry.npmjs.org/escalade/-/escalade-3.2.0.tgz 0ms (cache hit)
91 http cache estree-walker@https://registry.npmjs.org/estree-walker/-/estree-walker-3.0.3.tgz 0ms (cache hit)
92 http cache esbuild@https://registry.npmjs.org/esbuild/-/esbuild-0.21.5.tgz 0ms (cache hit)
93 http cache es-module-lexer@https://registry.npmjs.org/es-module-lexer/-/es-module-lexer-0.10.5.tgz 0ms (cache hit)
94 http cache entities@https://registry.npmjs.org/entities/-/entities-4.5.0.tgz 0ms (cache hit)
95 http cache domutils@https://registry.npmjs.org/domutils/-/domutils-3.2.2.tgz 0ms (cache hit)
96 http cache domhandler@https://registry.npmjs.org/domhandler/-/domhandler-5.0.3.tgz 0ms (cache hit)
97 http cache domelementtype@https://registry.npmjs.org/domelementtype/-/domelementtype-2.3.0.tgz 0ms (cache hit)
98 http cache dom-serializer@https://registry.npmjs.org/dom-serializer/-/dom-serializer-2.0.0.tgz 0ms (cache hit)
99 http cache diff-sequences@https://registry.npmjs.org/diff-sequences/-/diff-sequences-29.6.3.tgz 0ms (cache hit)
100 http cache deep-eql@https://registry.npmjs.org/deep-eql/-/deep-eql-4.1.4.tgz 0ms (cache hit)
101 http cache debug@https://registry.npmjs.org/debug/-/debug-4.4.3.tgz 0ms (cache hit)
102 http cache css-what@https://registry.npmjs.org/css-what/-/css-what-6.2.2.tgz 0ms (cache hit)
103 http cache css-select@https://registry.npmjs.org/css-select/-/css-select-5.2.2.tgz 0ms (cache hit)
104 http cache cross-spawn@https://registry.npmjs.org/cross-spawn/-/cross-spawn-7.0.6.tgz 0ms (cache hit)
105 http cache convert-source-map@https://registry.npmjs.org/convert-source-map/-/convert-source-map-2.0.0.tgz 0ms (cache hit)
106 http cache check-error@https://registry.npmjs.org/check-error/-/check-error-1.0.3.tgz 0ms (cache hit)
107 http cache confbox@https://registry.npmjs.org/confbox/-/confbox-0.1.8.tgz 0ms (cache hit)
108 http cache chai@https://registry.npmjs.org/chai/-/chai-4.5.0.tgz 0ms (cache hit)
109 http cache caniuse-lite@https://registry.npmjs.org/caniuse-lite/-/caniuse-lite-1.0.30001809.tgz 0ms (cache hit)
110 http cache cac@https://registry.npmjs.org/cac/-/cac-6.7.14.tgz 0ms (cache hit)
111 http cache browserslist@https://registry.npmjs.org/browserslist/-/browserslist-4.28.8.tgz 0ms (cache hit)
112 http cache boolbase@https://registry.npmjs.org/boolbase/-/boolbase-1.0.0.tgz 0ms (cache hit)
113 http cache baseline-browser-mapping@https://registry.npmjs.org/baseline-browser-mapping/-/baseline-browser-mapping-2.11.12.tgz 0ms (cache hit)
114 http cache assertion-error@https://registry.npmjs.org/assertion-error/-/assertion-error-1.1.0.tgz 0ms (cache hit)
115 http cache ansi-styles@https://registry.npmjs.org/ansi-styles/-/ansi-styles-5.2.0.tgz 0ms (cache hit)
116 http cache acorn-walk@https://registry.npmjs.org/acorn-walk/-/acorn-walk-8.3.5.tgz 0ms (cache hit)
117 http cache acorn@https://registry.npmjs.org/acorn/-/acorn-8.18.0.tgz 0ms (cache hit)
118 http cache @webcomponents/custom-elements@https://registry.npmjs.org/@webcomponents/custom-elements/-/custom-elements-1.6.0.tgz 0ms (cache hit)
119 http cache @vitest/utils@https://registry.npmjs.org/@vitest/utils/-/utils-1.6.1.tgz 0ms (cache hit)
120 http cache @vitest/spy@https://registry.npmjs.org/@vitest/spy/-/spy-1.6.1.tgz 0ms (cache hit)
121 http cache @vitest/snapshot@https://registry.npmjs.org/@vitest/snapshot/-/snapshot-1.6.1.tgz 0ms (cache hit)
122 http cache @vitest/runner@https://registry.npmjs.org/@vitest/runner/-/runner-1.6.1.tgz 0ms (cache hit)
123 http cache @vitest/expect@https://registry.npmjs.org/@vitest/expect/-/expect-1.6.1.tgz 0ms (cache hit)
124 http cache @vitejs/plugin-react@https://registry.npmjs.org/@vitejs/plugin-react/-/plugin-react-4.7.0.tgz 0ms (cache hit)
125 http cache @types/estree@https://registry.npmjs.org/@types/estree/-/estree-1.0.9.tgz 0ms (cache hit)
126 http cache @types/babel__traverse@https://registry.npmjs.org/@types/babel__traverse/-/babel__traverse-7.28.0.tgz 0ms (cache hit)
127 http cache @types/babel__template@https://registry.npmjs.org/@types/babel__template/-/babel__template-7.4.4.tgz 0ms (cache hit)
128 http cache @types/babel__generator@https://registry.npmjs.org/@types/babel__generator/-/babel__generator-7.27.0.tgz 0ms (cache hit)
129 http cache @types/babel__core@https://registry.npmjs.org/@types/babel__core/-/babel__core-7.20.5.tgz 0ms (cache hit)
130 http cache @sinclair/typebox@https://registry.npmjs.org/@sinclair/typebox/-/typebox-0.27.12.tgz 0ms (cache hit)
131 http cache @rollup/rollup-linux-arm64-musl@https://registry.npmjs.org/@rollup/rollup-linux-arm64-musl/-/rollup-linux-arm64-musl-4.62.4.tgz 0ms (cache hit)
132 http cache @rollup/rollup-linux-arm64-gnu@https://registry.npmjs.org/@rollup/rollup-linux-arm64-gnu/-/rollup-linux-arm64-gnu-4.62.4.tgz 0ms (cache hit)
133 http cache @rolldown/pluginutils@https://registry.npmjs.org/@rolldown/pluginutils/-/pluginutils-1.0.0-beta.27.tgz 0ms (cache hit)
134 http cache @jridgewell/sourcemap-codec@https://registry.npmjs.org/@jridgewell/sourcemap-codec/-/sourcemap-codec-1.5.5.tgz 0ms (cache hit)
135 http cache @jridgewell/trace-mapping@https://registry.npmjs.org/@jridgewell/trace-mapping/-/trace-mapping-0.3.31.tgz 0ms (cache hit)
136 http cache @jridgewell/resolve-uri@https://registry.npmjs.org/@jridgewell/resolve-uri/-/resolve-uri-3.1.2.tgz 0ms (cache hit)
137 http cache @jridgewell/remapping@https://registry.npmjs.org/@jridgewell/remapping/-/remapping-2.3.5.tgz 0ms (cache hit)
138 http cache @jridgewell/gen-mapping@https://registry.npmjs.org/@jridgewell/gen-mapping/-/gen-mapping-0.3.13.tgz 0ms (cache hit)
139 http cache @jest/schemas@https://registry.npmjs.org/@jest/schemas/-/schemas-29.6.3.tgz 0ms (cache hit)
140 http cache @crxjs/vite-plugin@https://registry.npmjs.org/@crxjs/vite-plugin/-/vite-plugin-2.7.1.tgz 0ms (cache hit)
141 http cache @esbuild/linux-arm64@https://registry.npmjs.org/@esbuild/linux-arm64/-/linux-arm64-0.21.5.tgz 0ms (cache hit)
142 http cache @babel/types@https://registry.npmjs.org/@babel/types/-/types-7.29.8.tgz 0ms (cache hit)
143 http cache @babel/traverse@https://registry.npmjs.org/@babel/traverse/-/traverse-7.29.8.tgz 0ms (cache hit)
144 http cache @babel/template@https://registry.npmjs.org/@babel/template/-/template-7.29.7.tgz 0ms (cache hit)
145 http cache @babel/plugin-transform-react-jsx-source@https://registry.npmjs.org/@babel/plugin-transform-react-jsx-source/-/plugin-transform-react-jsx-source-7.29.7.tgz 0ms (cache hit)
146 http cache @babel/plugin-transform-react-jsx-self@https://registry.npmjs.org/@babel/plugin-transform-react-jsx-self/-/plugin-transform-react-jsx-self-7.29.7.tgz 0ms (cache hit)
147 http cache @babel/parser@https://registry.npmjs.org/@babel/parser/-/parser-7.29.8.tgz 0ms (cache hit)
148 http cache @babel/helpers@https://registry.npmjs.org/@babel/helpers/-/helpers-7.29.7.tgz 0ms (cache hit)
149 http cache @babel/helper-validator-option@https://registry.npmjs.org/@babel/helper-validator-option/-/helper-validator-option-7.29.7.tgz 0ms (cache hit)
150 http cache @babel/helper-validator-identifier@https://registry.npmjs.org/@babel/helper-validator-identifier/-/helper-validator-identifier-7.29.7.tgz 0ms (cache hit)
151 http cache @babel/helper-string-parser@https://registry.npmjs.org/@babel/helper-string-parser/-/helper-string-parser-7.29.7.tgz 0ms (cache hit)
152 http cache @babel/helper-plugin-utils@https://registry.npmjs.org/@babel/helper-plugin-utils/-/helper-plugin-utils-7.29.7.tgz 0ms (cache hit)
153 http cache @babel/helper-module-transforms@https://registry.npmjs.org/@babel/helper-module-transforms/-/helper-module-transforms-7.29.7.tgz 0ms (cache hit)
154 http cache @babel/helper-module-imports@https://registry.npmjs.org/@babel/helper-module-imports/-/helper-module-imports-7.29.7.tgz 0ms (cache hit)
155 http cache @babel/helper-globals@https://registry.npmjs.org/@babel/helper-globals/-/helper-globals-7.29.7.tgz 0ms (cache hit)
156 http cache @babel/helper-compilation-targets@https://registry.npmjs.org/@babel/helper-compilation-targets/-/helper-compilation-targets-7.29.7.tgz 0ms (cache hit)
157 http cache @babel/generator@https://registry.npmjs.org/@babel/generator/-/generator-7.29.8.tgz 0ms (cache hit)
158 http cache @babel/core@https://registry.npmjs.org/@babel/core/-/core-7.29.7.tgz 0ms (cache hit)
159 http cache @babel/compat-data@https://registry.npmjs.org/@babel/compat-data/-/compat-data-7.29.7.tgz 0ms (cache hit)
160 http cache @babel/code-frame@https://registry.npmjs.org/@babel/code-frame/-/code-frame-7.29.7.tgz 0ms (cache hit)
161 http cache pathe@https://registry.npmjs.org/pathe/-/pathe-2.0.3.tgz 0ms (cache hit)
162 http cache path-key@https://registry.npmjs.org/path-key/-/path-key-4.0.0.tgz 0ms (cache hit)
163 http cache pathe@https://registry.npmjs.org/pathe/-/pathe-2.0.3.tgz 0ms (cache hit)
164 http cache js-tokens@https://registry.npmjs.org/js-tokens/-/js-tokens-4.0.0.tgz 0ms (cache hit)
165 http cache rollup@https://registry.npmjs.org/rollup/-/rollup-2.80.0.tgz 0ms (cache hit)
166 http cache pathe@https://registry.npmjs.org/pathe/-/pathe-2.0.3.tgz 0ms (cache hit)
167 http cache js-tokens@https://registry.npmjs.org/js-tokens/-/js-tokens-4.0.0.tgz 0ms (cache hit)
168 http cache electron-to-chromium@https://registry.npmjs.org/electron-to-chromium/-/electron-to-chromium-1.5.402.tgz 0ms (cache hit)
169 silly tarball no local data for zustand@https://registry.npmjs.org/zustand/-/zustand-5.0.14.tgz. Extracting by manifest.
170 silly tarball no local data for yocto-queue@https://registry.npmjs.org/yocto-queue/-/yocto-queue-1.2.2.tgz. Extracting by manifest.
171 silly tarball no local data for why-is-node-running@https://registry.npmjs.org/why-is-node-running/-/why-is-node-running-2.3.0.tgz. Extracting by manifest.
172 silly tarball no local data for yallist@https://registry.npmjs.org/yallist/-/yallist-3.1.1.tgz. Extracting by manifest.
173 silly tarball no local data for which@https://registry.npmjs.org/which/-/which-2.0.2.tgz. Extracting by manifest.
174 silly tarball no local data for vitest@https://registry.npmjs.org/vitest/-/vitest-1.6.1.tgz. Extracting by manifest.
175 silly tarball no local data for vite-node@https://registry.npmjs.org/vite-node/-/vite-node-1.6.1.tgz. Extracting by manifest.
176 silly tarball no local data for update-browserslist-db@https://registry.npmjs.org/update-browserslist-db/-/update-browserslist-db-1.3.0.tgz. Extracting by manifest.
177 silly tarball no local data for vite@https://registry.npmjs.org/vite/-/vite-5.4.21.tgz. Extracting by manifest.
178 silly tarball no local data for universalify@https://registry.npmjs.org/universalify/-/universalify-2.0.1.tgz. Extracting by manifest.
179 silly tarball no local data for ufo@https://registry.npmjs.org/ufo/-/ufo-1.6.4.tgz. Extracting by manifest.
180 silly tarball no local data for typescript@https://registry.npmjs.org/typescript/-/typescript-5.9.3.tgz. Extracting by manifest.
181 silly tarball no local data for tslib@https://registry.npmjs.org/tslib/-/tslib-2.8.1.tgz. Extracting by manifest.
182 silly tarball no local data for type-detect@https://registry.npmjs.org/type-detect/-/type-detect-4.1.0.tgz. Extracting by manifest.
183 silly tarball no local data for tinyspy@https://registry.npmjs.org/tinyspy/-/tinyspy-2.2.1.tgz. Extracting by manifest.
184 silly tarball no local data for tinypool@https://registry.npmjs.org/tinypool/-/tinypool-0.8.4.tgz. Extracting by manifest.
185 silly tarball no local data for tinyglobby@https://registry.npmjs.org/tinyglobby/-/tinyglobby-0.2.17.tgz. Extracting by manifest.
186 silly tarball no local data for tinybench@https://registry.npmjs.org/tinybench/-/tinybench-2.9.0.tgz. Extracting by manifest.
187 silly tarball no local data for strip-literal@https://registry.npmjs.org/strip-literal/-/strip-literal-2.1.1.tgz. Extracting by manifest.
188 silly tarball no local data for strip-final-newline@https://registry.npmjs.org/strip-final-newline/-/strip-final-newline-3.0.0.tgz. Extracting by manifest.
189 silly tarball no local data for std-env@https://registry.npmjs.org/std-env/-/std-env-3.10.0.tgz. Extracting by manifest.
190 silly tarball no local data for stackback@https://registry.npmjs.org/stackback/-/stackback-0.0.2.tgz. Extracting by manifest.
191 silly tarball no local data for source-map-js@https://registry.npmjs.org/source-map-js/-/source-map-js-1.2.1.tgz. Extracting by manifest.
192 silly tarball no local data for signal-exit@https://registry.npmjs.org/signal-exit/-/signal-exit-4.1.0.tgz. Extracting by manifest.
193 silly tarball no local data for siginfo@https://registry.npmjs.org/siginfo/-/siginfo-2.0.0.tgz. Extracting by manifest.
194 silly tarball no local data for shebang-regex@https://registry.npmjs.org/shebang-regex/-/shebang-regex-3.0.0.tgz. Extracting by manifest.
195 silly tarball no local data for shebang-command@https://registry.npmjs.org/shebang-command/-/shebang-command-2.0.0.tgz. Extracting by manifest.
196 silly tarball no local data for semver@https://registry.npmjs.org/semver/-/semver-6.3.1.tgz. Extracting by manifest.
197 silly tarball no local data for scheduler@https://registry.npmjs.org/scheduler/-/scheduler-0.23.2.tgz. Extracting by manifest.
198 silly tarball no local data for rxjs@https://registry.npmjs.org/rxjs/-/rxjs-7.5.7.tgz. Extracting by manifest.
199 silly tarball no local data for rollup@https://registry.npmjs.org/rollup/-/rollup-4.62.4.tgz. Extracting by manifest.
200 silly tarball no local data for react-refresh@https://registry.npmjs.org/react-refresh/-/react-refresh-0.17.0.tgz. Extracting by manifest.
201 silly tarball no local data for react-is@https://registry.npmjs.org/react-is/-/react-is-18.3.1.tgz. Extracting by manifest.
202 silly tarball no local data for react-dom@https://registry.npmjs.org/react-dom/-/react-dom-18.3.1.tgz. Extracting by manifest.
203 silly tarball no local data for react@https://registry.npmjs.org/react/-/react-18.3.1.tgz. Extracting by manifest.
204 silly tarball no local data for pretty-format@https://registry.npmjs.org/pretty-format/-/pretty-format-29.7.0.tgz. Extracting by manifest.
205 silly tarball no local data for postcss@https://registry.npmjs.org/postcss/-/postcss-8.5.26.tgz. Extracting by manifest.
206 silly tarball no local data for pkg-types@https://registry.npmjs.org/pkg-types/-/pkg-types-1.3.1.tgz. Extracting by manifest.
207 silly tarball no local data for picomatch@https://registry.npmjs.org/picomatch/-/picomatch-4.0.5.tgz. Extracting by manifest.
208 silly tarball no local data for picocolors@https://registry.npmjs.org/picocolors/-/picocolors-1.1.1.tgz. Extracting by manifest.
209 silly tarball no local data for pathval@https://registry.npmjs.org/pathval/-/pathval-1.1.1.tgz. Extracting by manifest.
210 silly tarball no local data for pathe@https://registry.npmjs.org/pathe/-/pathe-1.1.2.tgz. Extracting by manifest.
211 silly tarball no local data for path-key@https://registry.npmjs.org/path-key/-/path-key-3.1.1.tgz. Extracting by manifest.
212 silly tarball no local data for p-limit@https://registry.npmjs.org/p-limit/-/p-limit-5.0.0.tgz. Extracting by manifest.
213 silly tarball no local data for onetime@https://registry.npmjs.org/onetime/-/onetime-6.0.0.tgz. Extracting by manifest.
214 silly tarball no local data for nth-check@https://registry.npmjs.org/nth-check/-/nth-check-2.1.1.tgz. Extracting by manifest.
215 silly tarball no local data for node-releases@https://registry.npmjs.org/node-releases/-/node-releases-2.0.53.tgz. Extracting by manifest.
216 silly tarball no local data for npm-run-path@https://registry.npmjs.org/npm-run-path/-/npm-run-path-5.3.0.tgz. Extracting by manifest.
217 silly tarball no local data for node-html-parser@https://registry.npmjs.org/node-html-parser/-/node-html-parser-7.1.0.tgz. Extracting by manifest.
218 silly tarball no local data for nanoid@https://registry.npmjs.org/nanoid/-/nanoid-3.3.18.tgz. Extracting by manifest.
219 silly tarball no local data for ms@https://registry.npmjs.org/ms/-/ms-2.1.3.tgz. Extracting by manifest.
220 silly tarball no local data for mlly@https://registry.npmjs.org/mlly/-/mlly-1.8.2.tgz. Extracting by manifest.
221 silly tarball no local data for mimic-fn@https://registry.npmjs.org/mimic-fn/-/mimic-fn-4.0.0.tgz. Extracting by manifest.
222 silly tarball no local data for merge-stream@https://registry.npmjs.org/merge-stream/-/merge-stream-2.0.0.tgz. Extracting by manifest.
223 silly tarball no local data for magic-string@https://registry.npmjs.org/magic-string/-/magic-string-0.30.21.tgz. Extracting by manifest.
224 silly tarball no local data for lru-cache@https://registry.npmjs.org/lru-cache/-/lru-cache-5.1.1.tgz. Extracting by manifest.
225 silly tarball no local data for loupe@https://registry.npmjs.org/loupe/-/loupe-2.3.7.tgz. Extracting by manifest.
226 silly tarball no local data for loose-envify@https://registry.npmjs.org/loose-envify/-/loose-envify-1.4.0.tgz. Extracting by manifest.
227 silly tarball no local data for local-pkg@https://registry.npmjs.org/local-pkg/-/local-pkg-0.5.1.tgz. Extracting by manifest.
228 silly tarball no local data for jsonfile@https://registry.npmjs.org/jsonfile/-/jsonfile-6.2.1.tgz. Extracting by manifest.
229 silly tarball no local data for json5@https://registry.npmjs.org/json5/-/json5-2.2.3.tgz. Extracting by manifest.
230 silly tarball no local data for jsesc@https://registry.npmjs.org/jsesc/-/jsesc-3.1.0.tgz. Extracting by manifest.
231 silly tarball no local data for js-tokens@https://registry.npmjs.org/js-tokens/-/js-tokens-9.0.1.tgz. Extracting by manifest.
232 silly tarball no local data for isexe@https://registry.npmjs.org/isexe/-/isexe-2.0.0.tgz. Extracting by manifest.
233 silly tarball no local data for is-stream@https://registry.npmjs.org/is-stream/-/is-stream-3.0.0.tgz. Extracting by manifest.
234 silly tarball no local data for human-signals@https://registry.npmjs.org/human-signals/-/human-signals-5.0.0.tgz. Extracting by manifest.
235 silly tarball no local data for he@https://registry.npmjs.org/he/-/he-1.2.0.tgz. Extracting by manifest.
236 silly tarball no local data for graceful-fs@https://registry.npmjs.org/graceful-fs/-/graceful-fs-4.2.11.tgz. Extracting by manifest.
237 silly tarball no local data for get-stream@https://registry.npmjs.org/get-stream/-/get-stream-8.0.1.tgz. Extracting by manifest.
238 silly tarball no local data for get-func-name@https://registry.npmjs.org/get-func-name/-/get-func-name-2.0.2.tgz. Extracting by manifest.
239 silly tarball no local data for gensync@https://registry.npmjs.org/gensync/-/gensync-1.0.0-beta.2.tgz. Extracting by manifest.
240 silly tarball no local data for fs-extra@https://registry.npmjs.org/fs-extra/-/fs-extra-11.4.0.tgz. Extracting by manifest.
241 silly tarball no local data for fdir@https://registry.npmjs.org/fdir/-/fdir-6.5.0.tgz. Extracting by manifest.
242 silly tarball no local data for execa@https://registry.npmjs.org/execa/-/execa-8.0.1.tgz. Extracting by manifest.
243 silly tarball no local data for escalade@https://registry.npmjs.org/escalade/-/escalade-3.2.0.tgz. Extracting by manifest.
244 silly tarball no local data for estree-walker@https://registry.npmjs.org/estree-walker/-/estree-walker-3.0.3.tgz. Extracting by manifest.
245 silly tarball no local data for esbuild@https://registry.npmjs.org/esbuild/-/esbuild-0.21.5.tgz. Extracting by manifest.
246 silly tarball no local data for es-module-lexer@https://registry.npmjs.org/es-module-lexer/-/es-module-lexer-0.10.5.tgz. Extracting by manifest.
247 silly tarball no local data for entities@https://registry.npmjs.org/entities/-/entities-4.5.0.tgz. Extracting by manifest.
248 silly tarball no local data for domutils@https://registry.npmjs.org/domutils/-/domutils-3.2.2.tgz. Extracting by manifest.
249 silly tarball no local data for domhandler@https://registry.npmjs.org/domhandler/-/domhandler-5.0.3.tgz. Extracting by manifest.
250 silly tarball no local data for domelementtype@https://registry.npmjs.org/domelementtype/-/domelementtype-2.3.0.tgz. Extracting by manifest.
251 silly tarball no local data for dom-serializer@https://registry.npmjs.org/dom-serializer/-/dom-serializer-2.0.0.tgz. Extracting by manifest.
252 silly tarball no local data for diff-sequences@https://registry.npmjs.org/diff-sequences/-/diff-sequences-29.6.3.tgz. Extracting by manifest.
253 silly tarball no local data for deep-eql@https://registry.npmjs.org/deep-eql/-/deep-eql-4.1.4.tgz. Extracting by manifest.
254 silly tarball no local data for debug@https://registry.npmjs.org/debug/-/debug-4.4.3.tgz. Extracting by manifest.
255 silly tarball no local data for css-what@https://registry.npmjs.org/css-what/-/css-what-6.2.2.tgz. Extracting by manifest.
256 silly tarball no local data for css-select@https://registry.npmjs.org/css-select/-/css-select-5.2.2.tgz. Extracting by manifest.
257 silly tarball no local data for cross-spawn@https://registry.npmjs.org/cross-spawn/-/cross-spawn-7.0.6.tgz. Extracting by manifest.
258 silly tarball no local data for convert-source-map@https://registry.npmjs.org/convert-source-map/-/convert-source-map-2.0.0.tgz. Extracting by manifest.
259 silly tarball no local data for check-error@https://registry.npmjs.org/check-error/-/check-error-1.0.3.tgz. Extracting by manifest.
260 silly tarball no local data for confbox@https://registry.npmjs.org/confbox/-/confbox-0.1.8.tgz. Extracting by manifest.
261 silly tarball no local data for chai@https://registry.npmjs.org/chai/-/chai-4.5.0.tgz. Extracting by manifest.
262 silly tarball no local data for caniuse-lite@https://registry.npmjs.org/caniuse-lite/-/caniuse-lite-1.0.30001809.tgz. Extracting by manifest.
263 silly tarball no local data for cac@https://registry.npmjs.org/cac/-/cac-6.7.14.tgz. Extracting by manifest.
264 silly tarball no local data for browserslist@https://registry.npmjs.org/browserslist/-/browserslist-4.28.8.tgz. Extracting by manifest.
265 silly tarball no local data for boolbase@https://registry.npmjs.org/boolbase/-/boolbase-1.0.0.tgz. Extracting by manifest.
266 silly tarball no local data for baseline-browser-mapping@https://registry.npmjs.org/baseline-browser-mapping/-/baseline-browser-mapping-2.11.12.tgz. Extracting by manifest.
267 silly tarball no local data for assertion-error@https://registry.npmjs.org/assertion-error/-/assertion-error-1.1.0.tgz. Extracting by manifest.
268 silly tarball no local data for ansi-styles@https://registry.npmjs.org/ansi-styles/-/ansi-styles-5.2.0.tgz. Extracting by manifest.
269 silly tarball no local data for acorn-walk@https://registry.npmjs.org/acorn-walk/-/acorn-walk-8.3.5.tgz. Extracting by manifest.
270 silly tarball no local data for acorn@https://registry.npmjs.org/acorn/-/acorn-8.18.0.tgz. Extracting by manifest.
271 silly tarball no local data for @webcomponents/custom-elements@https://registry.npmjs.org/@webcomponents/custom-elements/-/custom-elements-1.6.0.tgz. Extracting by manifest.
272 silly tarball no local data for @vitest/utils@https://registry.npmjs.org/@vitest/utils/-/utils-1.6.1.tgz. Extracting by manifest.
273 silly tarball no local data for @vitest/spy@https://registry.npmjs.org/@vitest/spy/-/spy-1.6.1.tgz. Extracting by manifest.
274 silly tarball no local data for @vitest/snapshot@https://registry.npmjs.org/@vitest/snapshot/-/snapshot-1.6.1.tgz. Extracting by manifest.
275 silly tarball no local data for @vitest/runner@https://registry.npmjs.org/@vitest/runner/-/runner-1.6.1.tgz. Extracting by manifest.
276 silly tarball no local data for @vitest/expect@https://registry.npmjs.org/@vitest/expect/-/expect-1.6.1.tgz. Extracting by manifest.
277 silly tarball no local data for @vitejs/plugin-react@https://registry.npmjs.org/@vitejs/plugin-react/-/plugin-react-4.7.0.tgz. Extracting by manifest.
278 silly tarball no local data for @types/estree@https://registry.npmjs.org/@types/estree/-/estree-1.0.9.tgz. Extracting by manifest.
279 silly tarball no local data for @types/babel__traverse@https://registry.npmjs.org/@types/babel__traverse/-/babel__traverse-7.28.0.tgz. Extracting by manifest.
280 silly tarball no local data for @types/babel__template@https://registry.npmjs.org/@types/babel__template/-/babel__template-7.4.4.tgz. Extracting by manifest.
281 silly tarball no local data for @types/babel__generator@https://registry.npmjs.org/@types/babel__generator/-/babel__generator-7.27.0.tgz. Extracting by manifest.
282 silly tarball no local data for @types/babel__core@https://registry.npmjs.org/@types/babel__core/-/babel__core-7.20.5.tgz. Extracting by manifest.
283 silly tarball no local data for @sinclair/typebox@https://registry.npmjs.org/@sinclair/typebox/-/typebox-0.27.12.tgz. Extracting by manifest.
284 silly tarball no local data for @rollup/rollup-linux-arm64-musl@https://registry.npmjs.org/@rollup/rollup-linux-arm64-musl/-/rollup-linux-arm64-musl-4.62.4.tgz. Extracting by manifest.
285 silly tarball no local data for @rollup/rollup-linux-arm64-gnu@https://registry.npmjs.org/@rollup/rollup-linux-arm64-gnu/-/rollup-linux-arm64-gnu-4.62.4.tgz. Extracting by manifest.
286 silly tarball no local data for @rolldown/pluginutils@https://registry.npmjs.org/@rolldown/pluginutils/-/pluginutils-1.0.0-beta.27.tgz. Extracting by manifest.
287 silly tarball no local data for @jridgewell/sourcemap-codec@https://registry.npmjs.org/@jridgewell/sourcemap-codec/-/sourcemap-codec-1.5.5.tgz. Extracting by manifest.
288 silly tarball no local data for @jridgewell/trace-mapping@https://registry.npmjs.org/@jridgewell/trace-mapping/-/trace-mapping-0.3.31.tgz. Extracting by manifest.
289 silly tarball no local data for @jridgewell/resolve-uri@https://registry.npmjs.org/@jridgewell/resolve-uri/-/resolve-uri-3.1.2.tgz. Extracting by manifest.
290 silly tarball no local data for @jridgewell/remapping@https://registry.npmjs.org/@jridgewell/remapping/-/remapping-2.3.5.tgz. Extracting by manifest.
291 silly tarball no local data for @jridgewell/gen-mapping@https://registry.npmjs.org/@jridgewell/gen-mapping/-/gen-mapping-0.3.13.tgz. Extracting by manifest.
292 silly tarball no local data for @jest/schemas@https://registry.npmjs.org/@jest/schemas/-/schemas-29.6.3.tgz. Extracting by manifest.
293 silly tarball no local data for @crxjs/vite-plugin@https://registry.npmjs.org/@crxjs/vite-plugin/-/vite-plugin-2.7.1.tgz. Extracting by manifest.
294 silly tarball no local data for @esbuild/linux-arm64@https://registry.npmjs.org/@esbuild/linux-arm64/-/linux-arm64-0.21.5.tgz. Extracting by manifest.
295 silly tarball no local data for @babel/types@https://registry.npmjs.org/@babel/types/-/types-7.29.8.tgz. Extracting by manifest.
296 silly tarball no local data for @babel/traverse@https://registry.npmjs.org/@babel/traverse/-/traverse-7.29.8.tgz. Extracting by manifest.
297 silly tarball no local data for @babel/template@https://registry.npmjs.org/@babel/template/-/template-7.29.7.tgz. Extracting by manifest.
298 silly tarball no local data for @babel/plugin-transform-react-jsx-source@https://registry.npmjs.org/@babel/plugin-transform-react-jsx-source/-/plugin-transform-react-jsx-source-7.29.7.tgz. Extracting by manifest.
299 silly tarball no local data for @babel/plugin-transform-react-jsx-self@https://registry.npmjs.org/@babel/plugin-transform-react-jsx-self/-/plugin-transform-react-jsx-self-7.29.7.tgz. Extracting by manifest.
300 silly tarball no local data for @babel/helpers@https://registry.npmjs.org/@babel/helpers/-/helpers-7.29.7.tgz. Extracting by manifest.
301 silly tarball no local data for @babel/helper-validator-option@https://registry.npmjs.org/@babel/helper-validator-option/-/helper-validator-option-7.29.7.tgz. Extracting by manifest.
302 silly tarball no local data for @babel/parser@https://registry.npmjs.org/@babel/parser/-/parser-7.29.8.tgz. Extracting by manifest.
303 silly tarball no local data for @babel/helper-validator-identifier@https://registry.npmjs.org/@babel/helper-validator-identifier/-/helper-validator-identifier-7.29.7.tgz. Extracting by manifest.
304 silly tarball no local data for @babel/helper-string-parser@https://registry.npmjs.org/@babel/helper-string-parser/-/helper-string-parser-7.29.7.tgz. Extracting by manifest.
305 silly tarball no local data for @babel/helper-plugin-utils@https://registry.npmjs.org/@babel/helper-plugin-utils/-/helper-plugin-utils-7.29.7.tgz. Extracting by manifest.
306 silly tarball no local data for @babel/helper-module-transforms@https://registry.npmjs.org/@babel/helper-module-transforms/-/helper-module-transforms-7.29.7.tgz. Extracting by manifest.
307 silly tarball no local data for @babel/helper-module-imports@https://registry.npmjs.org/@babel/helper-module-imports/-/helper-module-imports-7.29.7.tgz. Extracting by manifest.
308 silly tarball no local data for @babel/helper-globals@https://registry.npmjs.org/@babel/helper-globals/-/helper-globals-7.29.7.tgz. Extracting by manifest.
309 silly tarball no local data for @babel/helper-compilation-targets@https://registry.npmjs.org/@babel/helper-compilation-targets/-/helper-compilation-targets-7.29.7.tgz. Extracting by manifest.
310 silly tarball no local data for @babel/generator@https://registry.npmjs.org/@babel/generator/-/generator-7.29.8.tgz. Extracting by manifest.
311 silly tarball no local data for @babel/core@https://registry.npmjs.org/@babel/core/-/core-7.29.7.tgz. Extracting by manifest.
312 silly tarball no local data for @babel/compat-data@https://registry.npmjs.org/@babel/compat-data/-/compat-data-7.29.7.tgz. Extracting by manifest.
313 silly tarball no local data for @babel/code-frame@https://registry.npmjs.org/@babel/code-frame/-/code-frame-7.29.7.tgz. Extracting by manifest.
314 silly tarball no local data for pathe@https://registry.npmjs.org/pathe/-/pathe-2.0.3.tgz. Extracting by manifest.
315 silly tarball no local data for path-key@https://registry.npmjs.org/path-key/-/path-key-4.0.0.tgz. Extracting by manifest.
316 silly tarball no local data for pathe@https://registry.npmjs.org/pathe/-/pathe-2.0.3.tgz. Extracting by manifest.
317 silly tarball no local data for js-tokens@https://registry.npmjs.org/js-tokens/-/js-tokens-4.0.0.tgz. Extracting by manifest.
318 silly tarball no local data for rollup@https://registry.npmjs.org/rollup/-/rollup-2.80.0.tgz. Extracting by manifest.
319 silly tarball no local data for pathe@https://registry.npmjs.org/pathe/-/pathe-2.0.3.tgz. Extracting by manifest.
320 silly tarball no local data for js-tokens@https://registry.npmjs.org/js-tokens/-/js-tokens-4.0.0.tgz. Extracting by manifest.
321 silly tarball no local data for electron-to-chromium@https://registry.npmjs.org/electron-to-chromium/-/electron-to-chromium-1.5.402.tgz. Extracting by manifest.
322 http fetch GET 200 https://registry.npmjs.org/npm 694ms
323 http fetch POST 200 https://registry.npmjs.org/-/npm/v1/security/advisories/bulk 722ms
324 silly audit report {
324 silly audit report   esbuild: [
324 silly audit report     {
324 silly audit report       id: 1102341,
324 silly audit report       url: 'https://github.com/advisories/GHSA-67mh-4wv8-2f99',
324 silly audit report       title: 'esbuild enables any website to send any requests to the development server and read the response',
324 silly audit report       severity: 'moderate',
324 silly audit report       vulnerable_versions: '<=0.24.2',
324 silly audit report       cwe: [Array],
324 silly audit report       cvss: [Object]
324 silly audit report     }
324 silly audit report   ],
324 silly audit report   vite: [
324 silly audit report     {
324 silly audit report       id: 1120784,
324 silly audit report       url: 'https://github.com/advisories/GHSA-v6wh-96g9-6wx3',
324 silly audit report       title: 'launch-editor: NTLMv2 hash disclosure via UNC path handling on Windows',
324 silly audit report       severity: 'moderate',
324 silly audit report       vulnerable_versions: '<=6.4.2',
324 silly audit report       cwe: [Array],
324 silly audit report       cvss: [Object]
324 silly audit report     },
324 silly audit report     {
324 silly audit report       id: 1116229,
324 silly audit report       url: 'https://github.com/advisories/GHSA-4w7w-66w2-5vf9',
324 silly audit report       title: 'Vite Vulnerable to Path Traversal in Optimized Deps `.map` Handling',
324 silly audit report       severity: 'moderate',
324 silly audit report       vulnerable_versions: '<=6.4.1',
324 silly audit report       cwe: [Array],
324 silly audit report       cvss: [Object]
324 silly audit report     },
324 silly audit report     {
324 silly audit report       id: 1123525,
324 silly audit report       url: 'https://github.com/advisories/GHSA-fx2h-pf6j-xcff',
324 silly audit report       title: 'vite: `server.fs.deny` bypass on Windows alternate paths',
324 silly audit report       severity: 'high',
324 silly audit report       vulnerable_versions: '<=6.4.2',
324 silly audit report       cwe: [Array],
324 silly audit report       cvss: [Object]
324 silly audit report     }
324 silly audit report   ],
324 silly audit report   vitest: [
324 silly audit report     {
324 silly audit report       id: 1120126,
324 silly audit report       url: 'https://github.com/advisories/GHSA-5xrq-8626-4rwp',
324 silly audit report       title: 'When Vitest UI server is listening, arbitrary file can be read and executed',
324 silly audit report       severity: 'critical',
324 silly audit report       vulnerable_versions: '<3.2.6',
324 silly audit report       cwe: [Array],
324 silly audit report       cvss: [Object]
324 silly audit report     }
324 silly audit report   ]
324 silly audit report }
325 silly packumentCache corgi:https://registry.npmjs.org/esbuild cache-miss
326 silly packumentCache corgi:https://registry.npmjs.org/vite cache-miss
327 silly packumentCache corgi:https://registry.npmjs.org/vitest cache-miss
328 http fetch GET 200 https://registry.npmjs.org/std-env/-/std-env-3.10.0.tgz 1720ms (cache miss)
329 http fetch GET 200 https://registry.npmjs.org/yallist/-/yallist-3.1.1.tgz 1783ms (cache miss)
330 http fetch GET 200 https://registry.npmjs.org/why-is-node-running/-/why-is-node-running-2.3.0.tgz 1790ms (cache miss)
331 http fetch GET 200 https://registry.npmjs.org/tinyglobby/-/tinyglobby-0.2.17.tgz 1769ms (cache miss)
332 http fetch GET 200 https://registry.npmjs.org/shebang-command/-/shebang-command-2.0.0.tgz 1764ms (cache miss)
333 http fetch GET 200 https://registry.npmjs.org/shebang-regex/-/shebang-regex-3.0.0.tgz 1766ms (cache miss)
334 http fetch GET 200 https://registry.npmjs.org/siginfo/-/siginfo-2.0.0.tgz 1767ms (cache miss)
335 http fetch GET 200 https://registry.npmjs.org/tinyspy/-/tinyspy-2.2.1.tgz 1832ms (cache miss)
336 http fetch GET 200 https://registry.npmjs.org/which/-/which-2.0.2.tgz 1847ms (cache miss)
337 http fetch GET 200 https://registry.npmjs.org/strip-literal/-/strip-literal-2.1.1.tgz 1835ms (cache miss)
338 http fetch GET 200 https://registry.npmjs.org/strip-final-newline/-/strip-final-newline-3.0.0.tgz 1837ms (cache miss)
339 http fetch GET 200 https://registry.npmjs.org/universalify/-/universalify-2.0.1.tgz 1847ms (cache miss)
340 http fetch GET 200 https://registry.npmjs.org/type-detect/-/type-detect-4.1.0.tgz 1892ms (cache miss)
341 http fetch GET 200 https://registry.npmjs.org/yocto-queue/-/yocto-queue-1.2.2.tgz 1914ms (cache miss)
342 http fetch GET 200 https://registry.npmjs.org/update-browserslist-db/-/update-browserslist-db-1.3.0.tgz 1902ms (cache miss)
343 http fetch GET 200 https://registry.npmjs.org/stackback/-/stackback-0.0.2.tgz 1891ms (cache miss)
344 http fetch GET 200 https://registry.npmjs.org/onetime/-/onetime-6.0.0.tgz 1952ms (cache miss)
345 http fetch GET 200 https://registry.npmjs.org/p-limit/-/p-limit-5.0.0.tgz 1954ms (cache miss)
346 http fetch GET 200 https://registry.npmjs.org/human-signals/-/human-signals-5.0.0.tgz 1883ms (cache miss)
347 http fetch GET 200 https://registry.npmjs.org/picocolors/-/picocolors-1.1.1.tgz 1999ms (cache miss)
348 http fetch GET 200 https://registry.npmjs.org/path-key/-/path-key-3.1.1.tgz 1986ms (cache miss)
349 http fetch GET 200 https://registry.npmjs.org/nanoid/-/nanoid-3.3.18.tgz 1975ms (cache miss)
350 http fetch GET 200 https://registry.npmjs.org/react-is/-/react-is-18.3.1.tgz 2053ms (cache miss)
351 http fetch GET 200 https://registry.npmjs.org/npm-run-path/-/npm-run-path-5.3.0.tgz 2032ms (cache miss)
352 http fetch GET 200 https://registry.npmjs.org/loose-envify/-/loose-envify-1.4.0.tgz 1999ms (cache miss)
353 http fetch GET 200 https://registry.npmjs.org/pathval/-/pathval-1.1.1.tgz 2111ms (cache miss)
354 http fetch GET 200 https://registry.npmjs.org/ms/-/ms-2.1.3.tgz 2090ms (cache miss)
355 http fetch GET 200 https://registry.npmjs.org/merge-stream/-/merge-stream-2.0.0.tgz 2068ms (cache miss)
356 http fetch GET 200 https://registry.npmjs.org/lru-cache/-/lru-cache-5.1.1.tgz 2066ms (cache miss)
357 http fetch GET 200 https://registry.npmjs.org/jsonfile/-/jsonfile-6.2.1.tgz 2049ms (cache miss)
358 http fetch GET 200 https://registry.npmjs.org/is-stream/-/is-stream-3.0.0.tgz 2037ms (cache miss)
359 http fetch GET 200 https://registry.npmjs.org/mimic-fn/-/mimic-fn-4.0.0.tgz 2143ms (cache miss)
360 http fetch GET 200 https://registry.npmjs.org/local-pkg/-/local-pkg-0.5.1.tgz 2135ms (cache miss)
361 http fetch GET 200 https://registry.npmjs.org/fdir/-/fdir-6.5.0.tgz 2099ms (cache miss)
362 http fetch GET 200 https://registry.npmjs.org/node-releases/-/node-releases-2.0.53.tgz 2273ms (cache miss)
363 http fetch GET 200 https://registry.npmjs.org/gensync/-/gensync-1.0.0-beta.2.tgz 2190ms (cache miss)
364 http fetch GET 200 https://registry.npmjs.org/get-func-name/-/get-func-name-2.0.2.tgz 2198ms (cache miss)
365 http fetch GET 200 https://registry.npmjs.org/domelementtype/-/domelementtype-2.3.0.tgz 2172ms (cache miss)
366 http fetch GET 200 https://registry.npmjs.org/debug/-/debug-4.4.3.tgz 2169ms (cache miss)
367 http fetch GET 200 https://registry.npmjs.org/js-tokens/-/js-tokens-9.0.1.tgz 2267ms (cache miss)
368 http fetch GET 200 https://registry.npmjs.org/deep-eql/-/deep-eql-4.1.4.tgz 2217ms (cache miss)
369 http fetch GET 200 https://registry.npmjs.org/convert-source-map/-/convert-source-map-2.0.0.tgz 2212ms (cache miss)
370 http fetch GET 200 https://registry.npmjs.org/isexe/-/isexe-2.0.0.tgz 2291ms (cache miss)
371 http fetch GET 200 https://registry.npmjs.org/diff-sequences/-/diff-sequences-29.6.3.tgz 2243ms (cache miss)
372 http fetch GET 200 https://registry.npmjs.org/check-error/-/check-error-1.0.3.tgz 2239ms (cache miss)
373 http fetch GET 200 https://registry.npmjs.org/boolbase/-/boolbase-1.0.0.tgz 2244ms (cache miss)
374 http fetch GET 200 https://registry.npmjs.org/jsesc/-/jsesc-3.1.0.tgz 2336ms (cache miss)
375 http fetch GET 200 https://registry.npmjs.org/@types/babel__template/-/babel__template-7.4.4.tgz 2261ms (cache miss)
376 http fetch GET 200 https://registry.npmjs.org/assertion-error/-/assertion-error-1.1.0.tgz 2277ms (cache miss)
377 http fetch GET 200 https://registry.npmjs.org/escalade/-/escalade-3.2.0.tgz 2330ms (cache miss)
378 http fetch GET 200 https://registry.npmjs.org/graceful-fs/-/graceful-fs-4.2.11.tgz 2350ms (cache miss)
379 http fetch GET 200 https://registry.npmjs.org/ansi-styles/-/ansi-styles-5.2.0.tgz 2308ms (cache miss)
380 http fetch GET 200 https://registry.npmjs.org/@vitest/spy/-/spy-1.6.1.tgz 2305ms (cache miss)
381 http fetch GET 200 https://registry.npmjs.org/@types/estree/-/estree-1.0.9.tgz 2303ms (cache miss)
382 http fetch GET 200 https://registry.npmjs.org/@types/babel__generator/-/babel__generator-7.27.0.tgz 2305ms (cache miss)
383 http fetch GET 200 https://registry.npmjs.org/@types/babel__core/-/babel__core-7.20.5.tgz 2334ms (cache miss)
384 http fetch GET 200 https://registry.npmjs.org/react-refresh/-/react-refresh-0.17.0.tgz 2514ms (cache miss)
385 http fetch GET 200 https://registry.npmjs.org/pkg-types/-/pkg-types-1.3.1.tgz 2511ms (cache miss)
386 http fetch GET 200 https://registry.npmjs.org/@rolldown/pluginutils/-/pluginutils-1.0.0-beta.27.tgz 2349ms (cache miss)
387 http fetch GET 200 https://registry.npmjs.org/@jridgewell/remapping/-/remapping-2.3.5.tgz 2346ms (cache miss)
388 http fetch GET 200 https://registry.npmjs.org/@babel/plugin-transform-react-jsx-source/-/plugin-transform-react-jsx-source-7.29.7.tgz 2342ms (cache miss)
389 http fetch GET 200 https://registry.npmjs.org/tinybench/-/tinybench-2.9.0.tgz 2543ms (cache miss)
390 http fetch GET 200 https://registry.npmjs.org/@types/babel__traverse/-/babel__traverse-7.28.0.tgz 2378ms (cache miss)
391 http fetch GET 200 https://registry.npmjs.org/@jest/schemas/-/schemas-29.6.3.tgz 2372ms (cache miss)
392 http fetch GET 200 https://registry.npmjs.org/path-key/-/path-key-4.0.0.tgz 2362ms (cache miss)
393 http fetch GET 200 https://registry.npmjs.org/cross-spawn/-/cross-spawn-7.0.6.tgz 2415ms (cache miss)
394 http fetch GET 200 https://registry.npmjs.org/acorn-walk/-/acorn-walk-8.3.5.tgz 2409ms (cache miss)
395 http fetch GET 200 https://registry.npmjs.org/@vitest/expect/-/expect-1.6.1.tgz 2404ms (cache miss)
396 http fetch GET 200 https://registry.npmjs.org/@babel/helper-validator-option/-/helper-validator-option-7.29.7.tgz 2387ms (cache miss)
397 http fetch GET 200 https://registry.npmjs.org/he/-/he-1.2.0.tgz 2482ms (cache miss)
398 http fetch GET 200 https://registry.npmjs.org/browserslist/-/browserslist-4.28.8.tgz 2441ms (cache miss)
399 http fetch GET 200 https://registry.npmjs.org/@babel/helper-plugin-utils/-/helper-plugin-utils-7.29.7.tgz 2411ms (cache miss)
400 http fetch GET 200 https://registry.npmjs.org/@babel/plugin-transform-react-jsx-self/-/plugin-transform-react-jsx-self-7.29.7.tgz 2415ms (cache miss)
401 http fetch GET 200 https://registry.npmjs.org/@babel/helper-globals/-/helper-globals-7.29.7.tgz 2410ms (cache miss)
402 http fetch GET 200 https://registry.npmjs.org/@babel/helper-string-parser/-/helper-string-parser-7.29.7.tgz 2413ms (cache miss)
403 http fetch GET 200 https://registry.npmjs.org/@babel/helper-compilation-targets/-/helper-compilation-targets-7.29.7.tgz 2414ms (cache miss)
404 http fetch GET 200 https://registry.npmjs.org/@babel/code-frame/-/code-frame-7.29.7.tgz 2412ms (cache miss)
405 http fetch GET 200 https://registry.npmjs.org/estree-walker/-/estree-walker-3.0.3.tgz 2483ms (cache miss)
406 http fetch GET 200 https://registry.npmjs.org/js-tokens/-/js-tokens-4.0.0.tgz 2418ms (cache miss)
407 http fetch GET 200 https://registry.npmjs.org/semver/-/semver-6.3.1.tgz 2620ms (cache miss)
408 http fetch GET 200 https://registry.npmjs.org/get-stream/-/get-stream-8.0.1.tgz 2511ms (cache miss)
409 http fetch GET 200 https://registry.npmjs.org/@babel/compat-data/-/compat-data-7.29.7.tgz 2434ms (cache miss)
410 http fetch GET 200 https://registry.npmjs.org/pathe/-/pathe-2.0.3.tgz 2432ms (cache miss)
411 http fetch GET 200 https://registry.npmjs.org/@vitejs/plugin-react/-/plugin-react-4.7.0.tgz 2470ms (cache miss)
412 http fetch GET 200 https://registry.npmjs.org/@jridgewell/resolve-uri/-/resolve-uri-3.1.2.tgz 2457ms (cache miss)
413 http fetch GET 200 https://registry.npmjs.org/js-tokens/-/js-tokens-4.0.0.tgz 2437ms (cache miss)
414 http fetch GET 200 https://registry.npmjs.org/esbuild/-/esbuild-0.21.5.tgz 2505ms (cache miss)
415 http fetch GET 200 https://registry.npmjs.org/pathe/-/pathe-2.0.3.tgz 2448ms (cache miss)
416 http fetch GET 200 https://registry.npmjs.org/execa/-/execa-8.0.1.tgz 2539ms (cache miss)
417 http fetch GET 200 https://registry.npmjs.org/es-module-lexer/-/es-module-lexer-0.10.5.tgz 2534ms (cache miss)
418 http fetch GET 200 https://registry.npmjs.org/@babel/helper-validator-identifier/-/helper-validator-identifier-7.29.7.tgz 2502ms (cache miss)
419 http fetch GET 200 https://registry.npmjs.org/tslib/-/tslib-2.8.1.tgz 2702ms (cache miss)
420 http fetch GET 200 https://registry.npmjs.org/baseline-browser-mapping/-/baseline-browser-mapping-2.11.12.tgz 2542ms (cache miss)
421 http fetch GET 200 https://registry.npmjs.org/ufo/-/ufo-1.6.4.tgz 2725ms (cache miss)
422 http fetch GET 200 https://registry.npmjs.org/@vitest/runner/-/runner-1.6.1.tgz 2556ms (cache miss)
423 http fetch GET 200 https://registry.npmjs.org/@vitest/snapshot/-/snapshot-1.6.1.tgz 2574ms (cache miss)
424 http fetch GET 200 https://registry.npmjs.org/@crxjs/vite-plugin/-/vite-plugin-2.7.1.tgz 2558ms (cache miss)
425 http fetch GET 200 https://registry.npmjs.org/pathe/-/pathe-1.1.2.tgz 2737ms (cache miss)
426 http fetch GET 200 https://registry.npmjs.org/@babel/helper-module-imports/-/helper-module-imports-7.29.7.tgz 2573ms (cache miss)
427 http fetch GET 200 https://registry.npmjs.org/scheduler/-/scheduler-0.23.2.tgz 2804ms (cache miss)
428 http fetch GET 200 https://registry.npmjs.org/picomatch/-/picomatch-4.0.5.tgz 2800ms (cache miss)
429 http fetch GET 200 https://registry.npmjs.org/cac/-/cac-6.7.14.tgz 2657ms (cache miss)
430 http fetch GET 200 https://registry.npmjs.org/electron-to-chromium/-/electron-to-chromium-1.5.402.tgz 2649ms (cache miss)
431 http fetch GET 200 https://registry.npmjs.org/mlly/-/mlly-1.8.2.tgz 2800ms (cache miss)
432 http fetch GET 200 https://registry.npmjs.org/magic-string/-/magic-string-0.30.21.tgz 2872ms (cache miss)
433 http fetch GET 200 https://registry.npmjs.org/dom-serializer/-/dom-serializer-2.0.0.tgz 2804ms (cache miss)
434 http fetch GET 200 https://registry.npmjs.org/pathe/-/pathe-2.0.3.tgz 2767ms (cache miss)
435 http fetch GET 200 https://registry.npmjs.org/loupe/-/loupe-2.3.7.tgz 2906ms (cache miss)
436 http fetch GET 200 https://registry.npmjs.org/tinypool/-/tinypool-0.8.4.tgz 2996ms (cache miss)
437 http fetch GET 200 https://registry.npmjs.org/domhandler/-/domhandler-5.0.3.tgz 2849ms (cache miss)
438 http fetch GET 200 https://registry.npmjs.org/react/-/react-18.3.1.tgz 2990ms (cache miss)
439 http fetch GET 200 https://registry.npmjs.org/@babel/helper-module-transforms/-/helper-module-transforms-7.29.7.tgz 2821ms (cache miss)
440 http fetch GET 200 https://registry.npmjs.org/@vitest/utils/-/utils-1.6.1.tgz 2855ms (cache miss)
441 http fetch GET 200 https://registry.npmjs.org/@babel/template/-/template-7.29.7.tgz 2831ms (cache miss)
442 http fetch GET 200 https://registry.npmjs.org/json5/-/json5-2.2.3.tgz 2940ms (cache miss)
443 http fetch GET 200 https://registry.npmjs.org/pretty-format/-/pretty-format-29.7.0.tgz 3030ms (cache miss)
444 http fetch GET 200 https://registry.npmjs.org/source-map-js/-/source-map-js-1.2.1.tgz 3054ms (cache miss)
445 http fetch GET 200 https://registry.npmjs.org/acorn/-/acorn-8.18.0.tgz 2899ms (cache miss)
446 http fetch GET 200 https://registry.npmjs.org/@jridgewell/sourcemap-codec/-/sourcemap-codec-1.5.5.tgz 2929ms (cache miss)
447 http fetch GET 200 https://registry.npmjs.org/esbuild 2526ms (cache miss)
448 silly packumentCache corgi:https://registry.npmjs.org/esbuild set size:undefined disposed:false
449 http fetch GET 200 https://registry.npmjs.org/node-html-parser/-/node-html-parser-7.1.0.tgz 3172ms (cache miss)
450 http fetch GET 200 https://registry.npmjs.org/nth-check/-/nth-check-2.1.1.tgz 3194ms (cache miss)
451 http fetch GET 200 https://registry.npmjs.org/@jridgewell/gen-mapping/-/gen-mapping-0.3.13.tgz 3048ms (cache miss)
452 http fetch GET 200 https://registry.npmjs.org/vitest 2667ms (cache miss)
453 silly packumentCache corgi:https://registry.npmjs.org/vitest set size:undefined disposed:false
454 http fetch GET 200 https://registry.npmjs.org/css-what/-/css-what-6.2.2.tgz 3278ms (cache miss)
455 http fetch GET 200 https://registry.npmjs.org/confbox/-/confbox-0.1.8.tgz 3282ms (cache miss)
456 http fetch GET 200 https://registry.npmjs.org/fs-extra/-/fs-extra-11.4.0.tgz 3322ms (cache miss)
457 http fetch GET 200 https://registry.npmjs.org/vite-node/-/vite-node-1.6.1.tgz 3483ms (cache miss)
458 http fetch GET 200 https://registry.npmjs.org/signal-exit/-/signal-exit-4.1.0.tgz 3469ms (cache miss)
459 http fetch GET 200 https://registry.npmjs.org/@rollup/rollup-linux-arm64-gnu/-/rollup-linux-arm64-gnu-4.62.4.tgz 3313ms (cache miss)
460 http fetch GET 200 https://registry.npmjs.org/@rollup/rollup-linux-arm64-musl/-/rollup-linux-arm64-musl-4.62.4.tgz 3318ms (cache miss)
461 http fetch GET 200 https://registry.npmjs.org/zustand/-/zustand-5.0.14.tgz 3529ms (cache miss)
462 http fetch GET 200 https://registry.npmjs.org/@jridgewell/trace-mapping/-/trace-mapping-0.3.31.tgz 3341ms (cache miss)
463 http fetch GET 200 https://registry.npmjs.org/@sinclair/typebox/-/typebox-0.27.12.tgz 3359ms (cache miss)
464 http fetch GET 200 https://registry.npmjs.org/@babel/parser/-/parser-7.29.8.tgz 3362ms (cache miss)
465 http fetch GET 200 https://registry.npmjs.org/postcss/-/postcss-8.5.26.tgz 3554ms (cache miss)
466 http fetch GET 200 https://registry.npmjs.org/vite 2964ms (cache miss)
467 silly packumentCache corgi:https://registry.npmjs.org/vite set size:undefined disposed:false
468 silly packumentCache corgi:https://registry.npmjs.org/@crxjs%2fvite-plugin cache-miss
469 silly packumentCache corgi:https://registry.npmjs.org/@vitejs%2fplugin-react cache-miss
470 silly packumentCache corgi:https://registry.npmjs.org/vite-node cache-miss
471 http fetch GET 200 https://registry.npmjs.org/@babel/generator/-/generator-7.29.8.tgz 4149ms (cache miss)
472 http fetch GET 200 https://registry.npmjs.org/@webcomponents/custom-elements/-/custom-elements-1.6.0.tgz 4191ms (cache miss)
473 http fetch GET 200 https://registry.npmjs.org/@vitejs%2fplugin-react 425ms (cache miss)
474 silly packumentCache corgi:https://registry.npmjs.org/@vitejs%2fplugin-react set size:undefined disposed:false
475 http fetch GET 200 https://registry.npmjs.org/@crxjs%2fvite-plugin 507ms (cache miss)
476 silly packumentCache corgi:https://registry.npmjs.org/@crxjs%2fvite-plugin set size:undefined disposed:false
477 http fetch GET 200 https://registry.npmjs.org/domutils/-/domutils-3.2.2.tgz 4372ms (cache miss)
478 http fetch GET 200 https://registry.npmjs.org/vite-node 604ms (cache miss)
479 silly packumentCache corgi:https://registry.npmjs.org/vite-node set size:undefined disposed:false
480 http fetch GET 200 https://registry.npmjs.org/chai/-/chai-4.5.0.tgz 4503ms (cache miss)
481 http fetch GET 200 https://registry.npmjs.org/rollup/-/rollup-4.62.4.tgz 4836ms (cache miss)
482 http fetch GET 200 https://registry.npmjs.org/entities/-/entities-4.5.0.tgz 4702ms (cache miss)
483 http fetch GET 200 https://registry.npmjs.org/vite/-/vite-5.4.21.tgz 4890ms (cache miss)
484 http fetch GET 200 https://registry.npmjs.org/react-dom/-/react-dom-18.3.1.tgz 4916ms (cache miss)
485 http fetch GET 200 https://registry.npmjs.org/@babel/traverse/-/traverse-7.29.8.tgz 4746ms (cache miss)
486 http fetch GET 200 https://registry.npmjs.org/vitest/-/vitest-1.6.1.tgz 5099ms (cache miss)
487 http fetch GET 200 https://registry.npmjs.org/rollup/-/rollup-2.80.0.tgz 4979ms (cache miss)
488 http fetch GET 200 https://registry.npmjs.org/css-select/-/css-select-5.2.2.tgz 5094ms (cache miss)
489 http fetch GET 200 https://registry.npmjs.org/@esbuild/linux-arm64/-/linux-arm64-0.21.5.tgz 5115ms (cache miss)
490 http fetch GET 200 https://registry.npmjs.org/@babel/core/-/core-7.29.7.tgz 5148ms (cache miss)
491 http fetch GET 200 https://registry.npmjs.org/@babel/types/-/types-7.29.8.tgz 5310ms (cache miss)
492 http fetch GET 200 https://registry.npmjs.org/@babel/helpers/-/helpers-7.29.7.tgz 5403ms (cache miss)
493 http fetch GET 200 https://registry.npmjs.org/typescript/-/typescript-5.9.3.tgz 5975ms (cache miss)
494 http fetch GET 200 https://registry.npmjs.org/caniuse-lite/-/caniuse-lite-1.0.30001809.tgz 6483ms (cache miss)
495 http fetch GET 200 https://registry.npmjs.org/rxjs/-/rxjs-7.5.7.tgz 8052ms (cache miss)
496 info run esbuild@0.21.5 postinstall node_modules/esbuild node install.js
497 info run esbuild@0.21.5 postinstall { code: 0, signal: null }
498 silly ADD node_modules/zustand
499 silly ADD node_modules/yocto-queue
500 silly ADD node_modules/yallist
501 silly ADD node_modules/why-is-node-running
502 silly ADD node_modules/which
503 silly ADD node_modules/vitest
504 silly ADD node_modules/vite-node
505 silly ADD node_modules/vite
506 silly ADD node_modules/update-browserslist-db
507 silly ADD node_modules/universalify
508 silly ADD node_modules/ufo
509 silly ADD node_modules/typescript
510 silly ADD node_modules/type-detect
511 silly ADD node_modules/tslib
512 silly ADD node_modules/tinyspy
513 silly ADD node_modules/tinypool
514 silly ADD node_modules/tinyglobby
515 silly ADD node_modules/tinybench
516 silly ADD node_modules/strip-literal
517 silly ADD node_modules/strip-final-newline
518 silly ADD node_modules/std-env
519 silly ADD node_modules/stackback
520 silly ADD node_modules/source-map-js
521 silly ADD node_modules/signal-exit
522 silly ADD node_modules/siginfo
523 silly ADD node_modules/shebang-regex
524 silly ADD node_modules/shebang-command
525 silly ADD node_modules/semver
526 silly ADD node_modules/scheduler
527 silly ADD node_modules/rxjs
528 silly ADD node_modules/rollup
529 silly ADD node_modules/react-refresh
530 silly ADD node_modules/react-is
531 silly ADD node_modules/react-dom
532 silly ADD node_modules/react
533 silly ADD node_modules/pretty-format
534 silly ADD node_modules/postcss
535 silly ADD node_modules/pkg-types
536 silly ADD node_modules/pkg-types/node_modules/pathe
537 silly ADD node_modules/picomatch
538 silly ADD node_modules/picocolors
539 silly ADD node_modules/pathval
540 silly ADD node_modules/pathe
541 silly ADD node_modules/path-key
542 silly ADD node_modules/p-limit
543 silly ADD node_modules/onetime
544 silly ADD node_modules/nth-check
545 silly ADD node_modules/npm-run-path
546 silly ADD node_modules/npm-run-path/node_modules/path-key
547 silly ADD node_modules/node-releases
548 silly ADD node_modules/node-html-parser
549 silly ADD node_modules/nanoid
550 silly ADD node_modules/ms
551 silly ADD node_modules/mlly
552 silly ADD node_modules/mlly/node_modules/pathe
553 silly ADD node_modules/mimic-fn
554 silly ADD node_modules/merge-stream
555 silly ADD node_modules/magic-string
556 silly ADD node_modules/lru-cache
557 silly ADD node_modules/loupe
558 silly ADD node_modules/loose-envify
559 silly ADD node_modules/loose-envify/node_modules/js-tokens
560 silly ADD node_modules/local-pkg
561 silly ADD node_modules/jsonfile
562 silly ADD node_modules/json5
563 silly ADD node_modules/jsesc
564 silly ADD node_modules/js-tokens
565 silly ADD node_modules/isexe
566 silly ADD node_modules/is-stream
567 silly ADD node_modules/human-signals
568 silly ADD node_modules/he
569 silly ADD node_modules/graceful-fs
570 silly ADD node_modules/get-stream
571 silly ADD node_modules/get-func-name
572 silly ADD node_modules/gensync
573 silly ADD node_modules/fs-extra
574 silly ADD node_modules/fdir
575 silly ADD node_modules/execa
576 silly ADD node_modules/estree-walker
577 silly ADD node_modules/escalade
578 silly ADD node_modules/esbuild
579 silly ADD node_modules/es-module-lexer
580 silly ADD node_modules/entities
581 silly ADD node_modules/electron-to-chromium
582 silly ADD node_modules/domutils
583 silly ADD node_modules/domhandler
584 silly ADD node_modules/domelementtype
585 silly ADD node_modules/dom-serializer
586 silly ADD node_modules/diff-sequences
587 silly ADD node_modules/deep-eql
588 silly ADD node_modules/debug
589 silly ADD node_modules/css-what
590 silly ADD node_modules/css-select
591 silly ADD node_modules/cross-spawn
592 silly ADD node_modules/convert-source-map
593 silly ADD node_modules/confbox
594 silly ADD node_modules/check-error
595 silly ADD node_modules/chai
596 silly ADD node_modules/caniuse-lite
597 silly ADD node_modules/cac
598 silly ADD node_modules/browserslist
599 silly ADD node_modules/boolbase
600 silly ADD node_modules/baseline-browser-mapping
601 silly ADD node_modules/assertion-error
602 silly ADD node_modules/ansi-styles
603 silly ADD node_modules/acorn-walk
604 silly ADD node_modules/acorn
605 silly ADD node_modules/@webcomponents/custom-elements
606 silly ADD node_modules/@vitest/utils
607 silly ADD node_modules/@vitest/spy
608 silly ADD node_modules/@vitest/snapshot
609 silly ADD node_modules/@vitest/runner
610 silly ADD node_modules/@vitest/expect
611 silly ADD node_modules/@vitejs/plugin-react
612 silly ADD node_modules/@types/estree
613 silly ADD node_modules/@types/babel__traverse
614 silly ADD node_modules/@types/babel__template
615 silly ADD node_modules/@types/babel__generator
616 silly ADD node_modules/@types/babel__core
617 silly ADD node_modules/@sinclair/typebox
618 silly ADD node_modules/@rollup/rollup-linux-arm64-musl
619 silly ADD node_modules/@rollup/rollup-linux-arm64-gnu
620 silly ADD node_modules/@rolldown/pluginutils
621 silly ADD node_modules/@jridgewell/trace-mapping
622 silly ADD node_modules/@jridgewell/sourcemap-codec
623 silly ADD node_modules/@jridgewell/resolve-uri
624 silly ADD node_modules/@jridgewell/remapping
625 silly ADD node_modules/@jridgewell/gen-mapping
626 silly ADD node_modules/@jest/schemas
627 silly ADD node_modules/@esbuild/linux-arm64
628 silly ADD node_modules/@crxjs/vite-plugin
629 silly ADD node_modules/@crxjs/vite-plugin/node_modules/rollup
630 silly ADD node_modules/@crxjs/vite-plugin/node_modules/pathe
631 silly ADD node_modules/@babel/types
632 silly ADD node_modules/@babel/traverse
633 silly ADD node_modules/@babel/template
634 silly ADD node_modules/@babel/plugin-transform-react-jsx-source
635 silly ADD node_modules/@babel/plugin-transform-react-jsx-self
636 silly ADD node_modules/@babel/parser
637 silly ADD node_modules/@babel/helpers
638 silly ADD node_modules/@babel/helper-validator-option
639 silly ADD node_modules/@babel/helper-validator-identifier
640 silly ADD node_modules/@babel/helper-string-parser
641 silly ADD node_modules/@babel/helper-plugin-utils
642 silly ADD node_modules/@babel/helper-module-transforms
643 silly ADD node_modules/@babel/helper-module-imports
644 silly ADD node_modules/@babel/helper-globals
645 silly ADD node_modules/@babel/helper-compilation-targets
646 silly ADD node_modules/@babel/generator
647 silly ADD node_modules/@babel/core
648 silly ADD node_modules/@babel/compat-data
649 silly ADD node_modules/@babel/code-frame
650 silly ADD node_modules/@babel/code-frame/node_modules/js-tokens
651 verbose cwd /config/.cline/worktrees/ff949/noH8
652 verbose os Linux 6.12.87+rpt-rpi-2712
653 verbose node v24.11.1
654 verbose npm  v11.6.2
655 notice
655 notice New minor version of npm available! 11.6.2 -> 11.19.0
655 notice Changelog: https://github.com/npm/cli/releases/tag/v11.19.0
655 notice To update run: npm install -g npm@11.19.0
655 notice  { force: true, Symbol(proc-log.meta): true }
656 verbose exit 0
657 info ok
